[
  {
    "location": {
      "filePath": "aes_cbc.bal",
      "startLine": 19,
      "endLine": 19,
      "startColumn": 0,
      "endColumn": 6,
      "startOffset": 694,
      "length": 6
    },
    "rule": {
      "id": "ballerina:3",
      "numericId": 3,
      "description": "Non isolated public function",
      "ruleKind": "CODE_SMELL"
    },
    "source": "BUILT_IN",
    "fileName": "rule1/aes_cbc.bal",
    "filePath": "module-ballerina-crypto/compiler-plugin-tests/src/test/resources/static_code_analyzer/ballerina_packages/rule1/aes_cbc.bal"
  },
  {
    "location": {
      "filePath": "aes_cbc_as_import.bal",
      "startLine": 19,
      "endLine": 19,
      "startColumn": 0,
      "endColumn": 6,
      "startOffset": 699,
      "length": 6
    },
    "rule": {
      "id": "ballerina:3",
      "numericId": 3,
      "description": "Non isolated public function",
      "ruleKind": "CODE_SMELL"
    },
    "source": "BUILT_IN",
    "fileName": "rule1/aes_cbc_as_import.bal",
    "filePath": "module-ballerina-crypto/compiler-plugin-tests/src/test/resources/static_code_analyzer/ballerina_packages/rule1/aes_cbc_as_import.bal"
  },
  {
    "location": {
      "filePath": "aes_ecb.bal",
      "startLine": 19,
      "endLine": 19,
      "startColumn": 0,
      "endColumn": 6,
      "startOffset": 694,
      "length": 6
    },
    "rule": {
      "id": "ballerina:3",
      "numericId": 3,
      "description": "Non isolated public function",
      "ruleKind": "CODE_SMELL"
    },
    "source": "BUILT_IN",
    "fileName": "rule1/aes_ecb.bal",
    "filePath": "module-ballerina-crypto/compiler-plugin-tests/src/test/resources/static_code_analyzer/ballerina_packages/rule1/aes_ecb.bal"
  },
  {
    "location": {
      "filePath": "aes_ecb_as_import.bal",
      "startLine": 19,
      "endLine": 19,
      "startColumn": 0,
      "endColumn": 6,
      "startOffset": 699,
      "length": 6
    },
    "rule": {
      "id": "ballerina:3",
      "numericId": 3,
      "description": "Non isolated public function",
      "ruleKind": "CODE_SMELL"
    },
    "source": "BUILT_IN",
    "fileName": "rule1/aes_ecb_as_import.bal",
    "filePath": "module-ballerina-crypto/compiler-plugin-tests/src/test/resources/static_code_analyzer/ballerina_packages/rule1/aes_ecb_as_import.bal"
  },
  {
    "location": {
      "filePath": "aes_cbc.bal",
      "startLine": 30,
      "endLine": 30,
      "startColumn": 21,
      "endColumn": 67,
      "startOffset": 1203,
      "length": 46
    },
    "rule": {
      "id": "ballerina/crypto:1",
      "numericId": 1,
      "description": "Avoid using insecure cipher modes or padding schemes",
      "ruleKind": "VULNERABILITY"
    },
    "source": "BUILT_IN",
    "fileName": "rule1/aes_cbc.bal",
    "filePath": "module-ballerina-crypto/compiler-plugin-tests/src/test/resources/static_code_analyzer/ballerina_packages/rule1/aes_cbc.bal"
  },
  {
    "location": {
      "filePath": "aes_cbc.bal",
      "startLine": 30,
      "endLine": 30,
      "startColumn": 21,
      "endColumn": 67,
      "startOffset": 1203,
      "length": 46
    },
    "rule": {
      "id": "ballerina/crypto:4",
      "numericId": 4,
      "description": "Secure random number generators should not output predictable values",
      "ruleKind": "VULNERABILITY"
    },
    "source": "BUILT_IN",
    "fileName": "rule1/aes_cbc.bal",
    "filePath": "module-ballerina-crypto/compiler-plugin-tests/src/test/resources/static_code_analyzer/ballerina_packages/rule1/aes_cbc.bal"
  },
  {
    "location": {
      "filePath": "aes_cbc_as_import.bal",
      "startLine": 30,
      "endLine": 30,
      "startColumn": 21,
      "endColumn": 62,
      "startOffset": 1216,
      "length": 41
    },
    "rule": {
      "id": "ballerina/crypto:1",
      "numericId": 1,
      "description": "Avoid using insecure cipher modes or padding schemes",
      "ruleKind": "VULNERABILITY"
    },
    "source": "BUILT_IN",
    "fileName": "rule1/aes_cbc_as_import.bal",
    "filePath": "module-ballerina-crypto/compiler-plugin-tests/src/test/resources/static_code_analyzer/ballerina_packages/rule1/aes_cbc_as_import.bal"
  },
  {
    "location": {
      "filePath": "aes_cbc_as_import.bal",
      "startLine": 30,
      "endLine": 30,
      "startColumn": 21,
      "endColumn": 62,
      "startOffset": 1216,
      "length": 41
    },
    "rule": {
      "id": "ballerina/crypto:4",
      "numericId": 4,
      "description": "Secure random number generators should not output predictable values",
      "ruleKind": "VULNERABILITY"
    },
    "source": "BUILT_IN",
    "fileName": "rule1/aes_cbc_as_import.bal",
    "filePath": "module-ballerina-crypto/compiler-plugin-tests/src/test/resources/static_code_analyzer/ballerina_packages/rule1/aes_cbc_as_import.bal"
  },
  {
    "location": {
      "filePath": "aes_ecb.bal",
      "startLine": 26,
      "endLine": 26,
      "startColumn": 21,
      "endColumn": 52,
      "startOffset": 1012,
      "length": 31
    },
    "rule": {
      "id": "ballerina/crypto:1",
      "numericId": 1,
      "description": "Avoid using insecure cipher modes or padding schemes",
      "ruleKind": "VULNERABILITY"
    },
    "source": "BUILT_IN",
    "fileName": "rule1/aes_ecb.bal",
    "filePath": "module-ballerina-crypto/compiler-plugin-tests/src/test/resources/static_code_analyzer/ballerina_packages/rule1/aes_ecb.bal"
  },
  {
    "location": {
      "filePath": "aes_ecb_as_import.bal",
      "startLine": 26,
      "endLine": 26,
      "startColumn": 21,
      "endColumn": 47,
      "startOffset": 1025,
      "length": 26
    },
    "rule": {
      "id": "ballerina/crypto:1",
      "numericId": 1,
      "description": "Avoid using insecure cipher modes or padding schemes",
      "ruleKind": "VULNERABILITY"
    },
    "source": "BUILT_IN",
    "fileName": "rule1/aes_ecb_as_import.bal",
    "filePath": "module-ballerina-crypto/compiler-plugin-tests/src/test/resources/static_code_analyzer/ballerina_packages/rule1/aes_ecb_as_import.bal"
  }
]
